This is XeTeX, Version 3.141592653-2.6-0.999995 (TeX Live 2023/Debian) (preloaded format=xelatex 2026.3.3)  3 MAR 2026 03:56
entering extended mode
 restricted \write18 enabled.
 %&-line parsing enabled.
**/tmp/hardware_report.tex
(/tmp/hardware_report.tex
LaTeX2e <2023-11-01> patch level 1
L3 programming layer <2024-01-22>
(/usr/share/texlive/texmf-dist/tex/latex/base/article.cls
Document Class: article 2023/05/17 v1.4n Standard LaTeX document class
(/usr/share/texlive/texmf-dist/tex/latex/base/size12.clo
File: size12.clo 2023/05/17 v1.4n Standard LaTeX file (size option)
)
\c@part=\count183
\c@section=\count184
\c@subsection=\count185
\c@subsubsection=\count186
\c@paragraph=\count187
\c@subparagraph=\count188
\c@figure=\count189
\c@table=\count190
\abovecaptionskip=\skip48
\belowcaptionskip=\skip49
\bibindent=\dimen140
)
(/usr/share/texlive/texmf-dist/tex/latex/geometry/geometry.sty
Package: geometry 2020/01/02 v5.9 Page Geometry

(/usr/share/texlive/texmf-dist/tex/latex/graphics/keyval.sty
Package: keyval 2022/05/29 v1.15 key=value parser (DPC)
\KV@toks@=\toks17
)
(/usr/share/texlive/texmf-dist/tex/generic/iftex/ifvtex.sty
Package: ifvtex 2019/10/25 v1.7 ifvtex legacy package. Use iftex instead.

(/usr/share/texlive/texmf-dist/tex/generic/iftex/iftex.sty
Package: iftex 2022/02/03 v1.0f TeX engine tests
))
\Gm@cnth=\count191
\Gm@cntv=\count192
\c@Gm@tempcnt=\count193
\Gm@bindingoffset=\dimen141
\Gm@wd@mp=\dimen142
\Gm@odd@mp=\dimen143
\Gm@even@mp=\dimen144
\Gm@layoutwidth=\dimen145
\Gm@layoutheight=\dimen146
\Gm@layouthoffset=\dimen147
\Gm@layoutvoffset=\dimen148
\Gm@dimlist=\toks18
)
(/usr/share/texlive/texmf-dist/tex/latex/xcolor/xcolor.sty
Package: xcolor 2023/11/15 v3.01 LaTeX color extensions (UK)

(/usr/share/texlive/texmf-dist/tex/latex/graphics-cfg/color.cfg
File: color.cfg 2016/01/02 v1.6 sample color configuration
)
Package xcolor Info: Driver file: xetex.def on input line 274.

(/usr/share/texlive/texmf-dist/tex/latex/graphics-def/xetex.def
File: xetex.def 2022/09/22 v5.0n Graphics/color driver for xetex
)
(/usr/share/texlive/texmf-dist/tex/latex/graphics/mathcolor.ltx)
Package xcolor Info: Model `cmy' substituted by `cmy0' on input line 1350.
Package xcolor Info: Model `RGB' extended on input line 1366.
Package xcolor Info: Model `HTML' substituted by `rgb' on input line 1368.
Package xcolor Info: Model `Hsb' substituted by `hsb' on input line 1369.
Package xcolor Info: Model `tHsb' substituted by `hsb' on input line 1370.
Package xcolor Info: Model `HSB' substituted by `hsb' on input line 1371.
Package xcolor Info: Model `Gray' substituted by `gray' on input line 1372.
Package xcolor Info: Model `wave' substituted by `hsb' on input line 1373.
)
(/usr/share/texlive/texmf-dist/tex/latex/tools/longtable.sty
Package: longtable 2023-11-01 v4.19 Multi-page Table package (DPC)
\LTleft=\skip50
\LTright=\skip51
\LTpre=\skip52
\LTpost=\skip53
\LTchunksize=\count194
\LTcapwidth=\dimen149
\LT@head=\box51
\LT@firsthead=\box52
\LT@foot=\box53
\LT@lastfoot=\box54
\LT@gbox=\box55
\LT@cols=\count195
\LT@rows=\count196
\c@LT@tables=\count197
\c@LT@chunks=\count198
\LT@p@ftn=\toks19
)
(/usr/share/texlive/texmf-dist/tex/latex/fancyvrb/fancyvrb.sty
Package: fancyvrb 2024/01/20 4.5c verbatim text (tvz,hv)
\FV@CodeLineNo=\count199
\FV@InFile=\read2
\FV@TabBox=\box56
\c@FancyVerbLine=\count266
\FV@StepNumber=\count267
\FV@OutFile=\write3
)
(/usr/share/texlive/texmf-dist/tex/latex/fontspec/fontspec.sty
(/usr/share/texlive/texmf-dist/tex/latex/l3packages/xparse/xparse.sty
(/usr/share/texlive/texmf-dist/tex/latex/l3kernel/expl3.sty
Package: expl3 2024-01-22 L3 programming layer (loader) 

(/usr/share/texlive/texmf-dist/tex/latex/l3backend/l3backend-xetex.def
File: l3backend-xetex.def 2024-01-04 L3 backend support: XeTeX
\g__graphics_track_int=\count268
\l__pdf_internal_box=\box57
\g__pdf_backend_object_int=\count269
\g__pdf_backend_annotation_int=\count270
\g__pdf_backend_link_int=\count271
))
Package: xparse 2023-10-10 L3 Experimental document command parser
)
Package: fontspec 2022/01/15 v2.8a Font selection for XeLaTeX and LuaLaTeX

(/usr/share/texlive/texmf-dist/tex/latex/fontspec/fontspec-xetex.sty
Package: fontspec-xetex 2022/01/15 v2.8a Font selection for XeLaTeX and LuaLaTe
X
\l__fontspec_script_int=\count272
\l__fontspec_language_int=\count273
\l__fontspec_strnum_int=\count274
\l__fontspec_tmp_int=\count275
\l__fontspec_tmpa_int=\count276
\l__fontspec_tmpb_int=\count277
\l__fontspec_tmpc_int=\count278
\l__fontspec_em_int=\count279
\l__fontspec_emdef_int=\count280
\l__fontspec_strong_int=\count281
\l__fontspec_strongdef_int=\count282
\l__fontspec_tmpa_dim=\dimen150
\l__fontspec_tmpb_dim=\dimen151
\l__fontspec_tmpc_dim=\dimen152

(/usr/share/texlive/texmf-dist/tex/latex/base/fontenc.sty
Package: fontenc 2021/04/29 v2.0v Standard LaTeX package
)
(/usr/share/texlive/texmf-dist/tex/latex/fontspec/fontspec.cfg)))
(/usr/share/texlive/texmf-dist/tex/latex/titlesec/titlesec.sty
Package: titlesec 2023/10/27 v2.16 Sectioning titles
\ttl@box=\box58
\beforetitleunit=\skip54
\aftertitleunit=\skip55
\ttl@plus=\dimen153
\ttl@minus=\dimen154
\ttl@toksa=\toks20
\titlewidth=\dimen155
\titlewidthlast=\dimen156
\titlewidthfirst=\dimen157
)
(output/hardware_report.aux)
\openout1 = `hardware_report.aux'.

LaTeX Font Info:    Checking defaults for OML/cmm/m/it on input line 13.
LaTeX Font Info:    ... okay on input line 13.
LaTeX Font Info:    Checking defaults for OMS/cmsy/m/n on input line 13.
LaTeX Font Info:    ... okay on input line 13.
LaTeX Font Info:    Checking defaults for OT1/cmr/m/n on input line 13.
LaTeX Font Info:    ... okay on input line 13.
LaTeX Font Info:    Checking defaults for T1/cmr/m/n on input line 13.
LaTeX Font Info:    ... okay on input line 13.
LaTeX Font Info:    Checking defaults for TS1/cmr/m/n on input line 13.
LaTeX Font Info:    Trying to load font information for TS1+cmr on input line 1
3.

(/usr/share/texlive/texmf-dist/tex/latex/base/ts1cmr.fd
File: ts1cmr.fd 2023/04/13 v2.5m Standard LaTeX font definitions
)
LaTeX Font Info:    ... okay on input line 13.
LaTeX Font Info:    Checking defaults for TU/lmr/m/n on input line 13.
LaTeX Font Info:    ... okay on input line 13.
LaTeX Font Info:    Checking defaults for OMX/cmex/m/n on input line 13.
LaTeX Font Info:    ... okay on input line 13.
LaTeX Font Info:    Checking defaults for U/cmr/m/n on input line 13.
LaTeX Font Info:    ... okay on input line 13.

*geometry* driver: auto-detecting
*geometry* detected driver: xetex
*geometry* verbose mode - [ preamble ] result:
* driver: xetex
* paper: <default>
* layout: <same size as paper>
* layoutoffset:(h,v)=(0.0pt,0.0pt)
* modes: 
* h-part:(L,W,R)=(72.26999pt, 469.75502pt, 72.26999pt)
* v-part:(T,H,B)=(72.26999pt, 650.43001pt, 72.26999pt)
* \paperwidth=614.295pt
* \paperheight=794.96999pt
* \textwidth=469.75502pt
* \textheight=650.43001pt
* \oddsidemargin=0.0pt
* \evensidemargin=0.0pt
* \topmargin=-37.0pt
* \headheight=12.0pt
* \headsep=25.0pt
* \topskip=12.0pt
* \footskip=30.0pt
* \marginparwidth=44.0pt
* \marginparsep=10.0pt
* \columnsep=10.0pt
* \skip\footins=10.8pt plus 4.0pt minus 2.0pt
* \hoffset=0.0pt
* \voffset=0.0pt
* \mag=1000
* \@twocolumnfalse
* \@twosidefalse
* \@mparswitchfalse
* \@reversemarginfalse
* (1in=72.27pt=25.4mm, 1cm=28.453pt)


Package fontspec Info: Adjusting the maths setup (use [no-math] to avoid
(fontspec)             this).

\symlegacymaths=\mathgroup4
LaTeX Font Info:    Overwriting symbol font `legacymaths' in version `bold'
(Font)                  OT1/cmr/m/n --> OT1/cmr/bx/n on input line 13.
LaTeX Font Info:    Redeclaring math accent \acute on input line 13.
LaTeX Font Info:    Redeclaring math accent \grave on input line 13.
LaTeX Font Info:    Redeclaring math accent \ddot on input line 13.
LaTeX Font Info:    Redeclaring math accent \tilde on input line 13.
LaTeX Font Info:    Redeclaring math accent \bar on input line 13.
LaTeX Font Info:    Redeclaring math accent \breve on input line 13.
LaTeX Font Info:    Redeclaring math accent \check on input line 13.
LaTeX Font Info:    Redeclaring math accent \hat on input line 13.
LaTeX Font Info:    Redeclaring math accent \dot on input line 13.
LaTeX Font Info:    Redeclaring math accent \mathring on input line 13.
LaTeX Font Info:    Redeclaring math symbol \colon on input line 13.
LaTeX Font Info:    Redeclaring math symbol \Gamma on input line 13.
LaTeX Font Info:    Redeclaring math symbol \Delta on input line 13.
LaTeX Font Info:    Redeclaring math symbol \Theta on input line 13.
LaTeX Font Info:    Redeclaring math symbol \Lambda on input line 13.
LaTeX Font Info:    Redeclaring math symbol \Xi on input line 13.
LaTeX Font Info:    Redeclaring math symbol \Pi on input line 13.
LaTeX Font Info:    Redeclaring math symbol \Sigma on input line 13.
LaTeX Font Info:    Redeclaring math symbol \Upsilon on input line 13.
LaTeX Font Info:    Redeclaring math symbol \Phi on input line 13.
LaTeX Font Info:    Redeclaring math symbol \Psi on input line 13.
LaTeX Font Info:    Redeclaring math symbol \Omega on input line 13.
LaTeX Font Info:    Redeclaring math symbol \mathdollar on input line 13.
LaTeX Font Info:    Redeclaring symbol font `operators' on input line 13.
LaTeX Font Info:    Encoding `OT1' has changed to `TU' for symbol font
(Font)              `operators' in the math version `normal' on input line 13.
LaTeX Font Info:    Overwriting symbol font `operators' in version `normal'
(Font)                  OT1/cmr/m/n --> TU/lmr/m/n on input line 13.
LaTeX Font Info:    Encoding `OT1' has changed to `TU' for symbol font
(Font)              `operators' in the math version `bold' on input line 13.
LaTeX Font Info:    Overwriting symbol font `operators' in version `bold'
(Font)                  OT1/cmr/bx/n --> TU/lmr/m/n on input line 13.
LaTeX Font Info:    Overwriting symbol font `operators' in version `normal'
(Font)                  TU/lmr/m/n --> TU/lmr/m/n on input line 13.
LaTeX Font Info:    Overwriting math alphabet `\mathit' in version `normal'
(Font)                  OT1/cmr/m/it --> TU/lmr/m/it on input line 13.
LaTeX Font Info:    Overwriting math alphabet `\mathbf' in version `normal'
(Font)                  OT1/cmr/bx/n --> TU/lmr/b/n on input line 13.
LaTeX Font Info:    Overwriting math alphabet `\mathsf' in version `normal'
(Font)                  OT1/cmss/m/n --> TU/lmss/m/n on input line 13.
LaTeX Font Info:    Overwriting math alphabet `\mathtt' in version `normal'
(Font)                  OT1/cmtt/m/n --> TU/lmtt/m/n on input line 13.
LaTeX Font Info:    Overwriting symbol font `operators' in version `bold'
(Font)                  TU/lmr/m/n --> TU/lmr/b/n on input line 13.
LaTeX Font Info:    Overwriting math alphabet `\mathit' in version `bold'
(Font)                  OT1/cmr/bx/it --> TU/lmr/b/it on input line 13.
LaTeX Font Info:    Overwriting math alphabet `\mathsf' in version `bold'
(Font)                  OT1/cmss/bx/n --> TU/lmss/b/n on input line 13.
LaTeX Font Info:    Overwriting math alphabet `\mathtt' in version `bold'
(Font)                  OT1/cmtt/m/n --> TU/lmtt/b/n on input line 13.
LaTeX Font Info:    External font `cmex10' loaded for size
(Font)              <14.4> on input line 14.
LaTeX Font Info:    External font `cmex10' loaded for size
(Font)              <7> on input line 14.

LaTeX Warning: No \author given.

Missing character: There is no ━ (U+2501) in font [lmmono10-regular]:!
Missing character: There is no ━ (U+2501) in font [lmmono10-regular]:!
Missing character: There is no ━ (U+2501) in font [lmmono10-regular]:!
Missing character: There is no ━ (U+2501) in font [lmmono10-regular]:!
Missing character: There is no ━ (U+2501) in font [lmmono10-regular]:!
Missing character: There is no ━ (U+2501) in font [lmmono10-regular]:!
Missing character: There is no ━ (U+2501) in font [lmmono10-regular]:!
Missing character: There is no ━ (U+2501) in font [lmmono10-regular]:!
Missing character: There is no ━ (U+2501) in font [lmmono10-regular]:!
Missing character: There is no ━ (U+2501) in font [lmmono10-regular]:!
Missing character: There is no ━ (U+2501) in font [lmmono10-regular]:!
Missing character: There is no ━ (U+2501) in font [lmmono10-regular]:!
Missing character: There is no ━ (U+2501) in font [lmmono10-regular]:!
Missing character: There is no ━ (U+2501) in font [lmmono10-regular]:!
Missing character: There is no ━ (U+2501) in font [lmmono10-regular]:!
Missing character: There is no ━ (U+2501) in font [lmmono10-regular]:!
Missing character: There is no ━ (U+2501) in font [lmmono10-regular]:!
Missing character: There is no ━ (U+2501) in font [lmmono10-regular]:!
Missing character: There is no ━ (U+2501) in font [lmmono10-regular]:!
Missing character: There is no ━ (U+2501) in font [lmmono10-regular]:!
Missing character: There is no ━ (U+2501) in font [lmmono10-regular]:!
Missing character: There is no ━ (U+2501) in font [lmmono10-regular]:!
Missing character: There is no ━ (U+2501) in font [lmmono10-regular]:!
Missing character: There is no ━ (U+2501) in font [lmmono10-regular]:!
Missing character: There is no ━ (U+2501) in font [lmmono10-regular]:!
Missing character: There is no ━ (U+2501) in font [lmmono10-regular]:!
Missing character: There is no ━ (U+2501) in font [lmmono10-regular]:!
Missing character: There is no ━ (U+2501) in font [lmmono10-regular]:!
Missing character: There is no ━ (U+2501) in font [lmmono10-regular]:!
Missing character: There is no ━ (U+2501) in font [lmmono10-regular]:!
Missing character: There is no ━ (U+2501) in font [lmmono10-regular]:!
Missing character: There is no ━ (U+2501) in font [lmmono10-regular]:!
Missing character: There is no ━ (U+2501) in font [lmmono10-regular]:!
Missing character: There is no ━ (U+2501) in font [lmmono10-regular]:!
Missing character: There is no ━ (U+2501) in font [lmmono10-regular]:!
Missing character: There is no ━ (U+2501) in font [lmmono10-regular]:!
Missing character: There is no ━ (U+2501) in font [lmmono10-regular]:!
Missing character: There is no ━ (U+2501) in font [lmmono10-regular]:!
Missing character: There is no ━ (U+2501) in font [lmmono10-regular]:!
Missing character: There is no ━ (U+2501) in font [lmmono10-regular]:!
Missing character: There is no ━ (U+2501) in font [lmmono10-regular]:!
Missing character: There is no ━ (U+2501) in font [lmmono10-regular]:!
Missing character: There is no ━ (U+2501) in font [lmmono10-regular]:!
Missing character: There is no ━ (U+2501) in font [lmmono10-regular]:!
Missing character: There is no ━ (U+2501) in font [lmmono10-regular]:!
Missing character: There is no ━ (U+2501) in font [lmmono10-regular]:!
Missing character: There is no ━ (U+2501) in font [lmmono10-regular]:!
Missing character: There is no ━ (U+2501) in font [lmmono10-regular]:!
Missing character: There is no ━ (U+2501) in font [lmmono10-regular]:!
Missing character: There is no ━ (U+2501) in font [lmmono10-regular]:!
Missing character: There is no ━ (U+2501) in font [lmmono10-regular]:!
Missing character: There is no ━ (U+2501) in font [lmmono10-regular]:!
Missing character: There is no ━ (U+2501) in font [lmmono10-regular]:!
Missing character: There is no ━ (U+2501) in font [lmmono10-regular]:!
Missing character: There is no ━ (U+2501) in font [lmmono10-regular]:!
Missing character: There is no ━ (U+2501) in font [lmmono10-regular]:!
Missing character: There is no ━ (U+2501) in font [lmmono10-regular]:!
Missing character: There is no ━ (U+2501) in font [lmmono10-regular]:!
Missing character: There is no ━ (U+2501) in font [lmmono10-regular]:!
Missing character: There is no ━ (U+2501) in font [lmmono10-regular]:!
Missing character: There is no ━ (U+2501) in font [lmmono10-regular]:!
Missing character: There is no ━ (U+2501) in font [lmmono10-regular]:!
Missing character: There is no ━ (U+2501) in font [lmmono10-regular]:!
Missing character: There is no ━ (U+2501) in font [lmmono10-regular]:!
Missing character: There is no ━ (U+2501) in font [lmmono10-regular]:!
Missing character: There is no ━ (U+2501) in font [lmmono10-regular]:!
Missing character: There is no ━ (U+2501) in font [lmmono10-regular]:!
Missing character: There is no ━ (U+2501) in font [lmmono10-regular]:!
Missing character: There is no ━ (U+2501) in font [lmmono10-regular]:!
Missing character: There is no ━ (U+2501) in font [lmmono10-regular]:!
Missing character: There is no ━ (U+2501) in font [lmmono10-regular]:!
Missing character: There is no ━ (U+2501) in font [lmmono10-regular]:!
Missing character: There is no ━ (U+2501) in font [lmmono10-regular]:!
Missing character: There is no ━ (U+2501) in font [lmmono10-regular]:!
Missing character: There is no ━ (U+2501) in font [lmmono10-regular]:!
Missing character: There is no ━ (U+2501) in font [lmmono10-regular]:!
Missing character: There is no ━ (U+2501) in font [lmmono10-regular]:!
Missing character: There is no ━ (U+2501) in font [lmmono10-regular]:!
Missing character: There is no ━ (U+2501) in font [lmmono10-regular]:!
Missing character: There is no ━ (U+2501) in font [lmmono10-regular]:!
Missing character: There is no ━ (U+2501) in font [lmmono10-regular]:!
Missing character: There is no ━ (U+2501) in font [lmmono10-regular]:!
Missing character: There is no ━ (U+2501) in font [lmmono10-regular]:!
Missing character: There is no ━ (U+2501) in font [lmmono10-regular]:!
Missing character: There is no ━ (U+2501) in font [lmmono10-regular]:!
Missing character: There is no ━ (U+2501) in font [lmmono10-regular]:!
Missing character: There is no ━ (U+2501) in font [lmmono10-regular]:!
Missing character: There is no ━ (U+2501) in font [lmmono10-regular]:!
Missing character: There is no ━ (U+2501) in font [lmmono10-regular]:!
Missing character: There is no ━ (U+2501) in font [lmmono10-regular]:!
Missing character: There is no ━ (U+2501) in font [lmmono10-regular]:!
Missing character: There is no ━ (U+2501) in font [lmmono10-regular]:!
Missing character: There is no ━ (U+2501) in font [lmmono10-regular]:!
Missing character: There is no ━ (U+2501) in font [lmmono10-regular]:!
Missing character: There is no ━ (U+2501) in font [lmmono10-regular]:!
Missing character: There is no ━ (U+2501) in font [lmmono10-regular]:!
Missing character: There is no ━ (U+2501) in font [lmmono10-regular]:!
Missing character: There is no ━ (U+2501) in font [lmmono10-regular]:!
Missing character: There is no ━ (U+2501) in font [lmmono10-regular]:!
Missing character: There is no ━ (U+2501) in font [lmmono10-regular]:!
Missing character: There is no ━ (U+2501) in font [lmmono10-regular]:!
Missing character: There is no ━ (U+2501) in font [lmmono10-regular]:!
Missing character: There is no ━ (U+2501) in font [lmmono10-regular]:!
Missing character: There is no ━ (U+2501) in font [lmmono10-regular]:!
Missing character: There is no ━ (U+2501) in font [lmmono10-regular]:!
Missing character: There is no ━ (U+2501) in font [lmmono10-regular]:!
Missing character: There is no ━ (U+2501) in font [lmmono10-regular]:!
Missing character: There is no ━ (U+2501) in font [lmmono10-regular]:!
Missing character: There is no ━ (U+2501) in font [lmmono10-regular]:!
Missing character: There is no ━ (U+2501) in font [lmmono10-regular]:!
Missing character: There is no ━ (U+2501) in font [lmmono10-regular]:!
Missing character: There is no ━ (U+2501) in font [lmmono10-regular]:!
Missing character: There is no ━ (U+2501) in font [lmmono10-regular]:!
Missing character: There is no ━ (U+2501) in font [lmmono10-regular]:!
Missing character: There is no ├ (U+251C) in font [lmmono10-regular]:!
Missing character: There is no ─ (U+2500) in font [lmmono10-regular]:!
Missing character: There is no └ (U+2514) in font [lmmono10-regular]:!
Missing character: There is no ─ (U+2500) in font [lmmono10-regular]:!
Missing character: There is no ━ (U+2501) in font [lmmono10-regular]:!
Missing character: There is no ━ (U+2501) in font [lmmono10-regular]:!
Missing character: There is no ━ (U+2501) in font [lmmono10-regular]:!
Missing character: There is no ━ (U+2501) in font [lmmono10-regular]:!
Missing character: There is no ━ (U+2501) in font [lmmono10-regular]:!
Missing character: There is no ━ (U+2501) in font [lmmono10-regular]:!
Missing character: There is no ━ (U+2501) in font [lmmono10-regular]:!
Missing character: There is no ━ (U+2501) in font [lmmono10-regular]:!
Missing character: There is no ━ (U+2501) in font [lmmono10-regular]:!
Missing character: There is no ━ (U+2501) in font [lmmono10-regular]:!
Missing character: There is no ━ (U+2501) in font [lmmono10-regular]:!
Missing character: There is no ━ (U+2501) in font [lmmono10-regular]:!
Missing character: There is no ━ (U+2501) in font [lmmono10-regular]:!
Missing character: There is no ━ (U+2501) in font [lmmono10-regular]:!
Missing character: There is no ━ (U+2501) in font [lmmono10-regular]:!
Missing character: There is no ━ (U+2501) in font [lmmono10-regular]:!
Missing character: There is no ━ (U+2501) in font [lmmono10-regular]:!
Missing character: There is no ━ (U+2501) in font [lmmono10-regular]:!
Missing character: There is no ━ (U+2501) in font [lmmono10-regular]:!
Missing character: There is no ━ (U+2501) in font [lmmono10-regular]:!
Missing character: There is no ━ (U+2501) in font [lmmono10-regular]:!
Missing character: There is no ━ (U+2501) in font [lmmono10-regular]:!
Missing character: There is no ━ (U+2501) in font [lmmono10-regular]:!
Missing character: There is no ━ (U+2501) in font [lmmono10-regular]:!
Missing character: There is no ━ (U+2501) in font [lmmono10-regular]:!
Missing character: There is no ━ (U+2501) in font [lmmono10-regular]:!
Missing character: There is no ━ (U+2501) in font [lmmono10-regular]:!
Missing character: There is no ━ (U+2501) in font [lmmono10-regular]:!
Missing character: There is no ━ (U+2501) in font [lmmono10-regular]:!
Missing character: There is no ━ (U+2501) in font [lmmono10-regular]:!
Missing character: There is no ━ (U+2501) in font [lmmono10-regular]:!
Missing character: There is no ━ (U+2501) in font [lmmono10-regular]:!
Missing character: There is no ━ (U+2501) in font [lmmono10-regular]:!
Missing character: There is no ━ (U+2501) in font [lmmono10-regular]:!
Missing character: There is no ━ (U+2501) in font [lmmono10-regular]:!
Missing character: There is no ━ (U+2501) in font [lmmono10-regular]:!
Missing character: There is no ━ (U+2501) in font [lmmono10-regular]:!
Missing character: There is no ━ (U+2501) in font [lmmono10-regular]:!
Missing character: There is no ━ (U+2501) in font [lmmono10-regular]:!
Missing character: There is no ━ (U+2501) in font [lmmono10-regular]:!
Missing character: There is no ━ (U+2501) in font [lmmono10-regular]:!
Missing character: There is no ━ (U+2501) in font [lmmono10-regular]:!
Missing character: There is no ━ (U+2501) in font [lmmono10-regular]:!
Missing character: There is no ━ (U+2501) in font [lmmono10-regular]:!
Missing character: There is no ━ (U+2501) in font [lmmono10-regular]:!
Missing character: There is no ━ (U+2501) in font [lmmono10-regular]:!
Missing character: There is no ━ (U+2501) in font [lmmono10-regular]:!
Missing character: There is no ━ (U+2501) in font [lmmono10-regular]:!
Missing character: There is no ━ (U+2501) in font [lmmono10-regular]:!
Missing character: There is no ━ (U+2501) in font [lmmono10-regular]:!
Missing character: There is no ━ (U+2501) in font [lmmono10-regular]:!
Missing character: There is no ━ (U+2501) in font [lmmono10-regular]:!
Missing character: There is no ━ (U+2501) in font [lmmono10-regular]:!
Missing character: There is no ━ (U+2501) in font [lmmono10-regular]:!
Missing character: There is no ━ (U+2501) in font [lmmono10-regular]:!
Missing character: There is no ━ (U+2501) in font [lmmono10-regular]:!
Missing character: There is no ━ (U+2501) in font [lmmono10-regular]:!
Missing character: There is no ━ (U+2501) in font [lmmono10-regular]:!
Missing character: There is no ━ (U+2501) in font [lmmono10-regular]:!
Missing character: There is no ━ (U+2501) in font [lmmono10-regular]:!
Missing character: There is no ━ (U+2501) in font [lmmono10-regular]:!
Missing character: There is no ━ (U+2501) in font [lmmono10-regular]:!
Missing character: There is no ━ (U+2501) in font [lmmono10-regular]:!
Missing character: There is no ━ (U+2501) in font [lmmono10-regular]:!
Missing character: There is no ━ (U+2501) in font [lmmono10-regular]:!
Missing character: There is no ━ (U+2501) in font [lmmono10-regular]:!
Missing character: There is no ━ (U+2501) in font [lmmono10-regular]:!
Missing character: There is no ━ (U+2501) in font [lmmono10-regular]:!
Missing character: There is no ━ (U+2501) in font [lmmono10-regular]:!
Missing character: There is no ━ (U+2501) in font [lmmono10-regular]:!
Missing character: There is no ━ (U+2501) in font [lmmono10-regular]:!
Missing character: There is no ━ (U+2501) in font [lmmono10-regular]:!
Missing character: There is no ━ (U+2501) in font [lmmono10-regular]:!
Missing character: There is no ━ (U+2501) in font [lmmono10-regular]:!
Missing character: There is no ━ (U+2501) in font [lmmono10-regular]:!
Missing character: There is no ━ (U+2501) in font [lmmono10-regular]:!
[1

]
Missing character: There is no ━ (U+2501) in font [lmmono10-regular]:!
Missing character: There is no ━ (U+2501) in font [lmmono10-regular]:!
Missing character: There is no ━ (U+2501) in font [lmmono10-regular]:!
Missing character: There is no ━ (U+2501) in font [lmmono10-regular]:!
Missing character: There is no ━ (U+2501) in font [lmmono10-regular]:!
Missing character: There is no ━ (U+2501) in font [lmmono10-regular]:!
Missing character: There is no ━ (U+2501) in font [lmmono10-regular]:!
Missing character: There is no ━ (U+2501) in font [lmmono10-regular]:!
Missing character: There is no ━ (U+2501) in font [lmmono10-regular]:!
Missing character: There is no ━ (U+2501) in font [lmmono10-regular]:!
Missing character: There is no ━ (U+2501) in font [lmmono10-regular]:!
Missing character: There is no ━ (U+2501) in font [lmmono10-regular]:!
Missing character: There is no ━ (U+2501) in font [lmmono10-regular]:!
Missing character: There is no ━ (U+2501) in font [lmmono10-regular]:!
Missing character: There is no ━ (U+2501) in font [lmmono10-regular]:!
Missing character: There is no ━ (U+2501) in font [lmmono10-regular]:!
Missing character: There is no ━ (U+2501) in font [lmmono10-regular]:!
Missing character: There is no ━ (U+2501) in font [lmmono10-regular]:!
Missing character: There is no ━ (U+2501) in font [lmmono10-regular]:!
Missing character: There is no ━ (U+2501) in font [lmmono10-regular]:!
Missing character: There is no ━ (U+2501) in font [lmmono10-regular]:!
Missing character: There is no ━ (U+2501) in font [lmmono10-regular]:!
Missing character: There is no ━ (U+2501) in font [lmmono10-regular]:!
Missing character: There is no ━ (U+2501) in font [lmmono10-regular]:!
Missing character: There is no ━ (U+2501) in font [lmmono10-regular]:!
Missing character: There is no ━ (U+2501) in font [lmmono10-regular]:!
Missing character: There is no ━ (U+2501) in font [lmmono10-regular]:!
Missing character: There is no ━ (U+2501) in font [lmmono10-regular]:!
Missing character: There is no ━ (U+2501) in font [lmmono10-regular]:!
Missing character: There is no ━ (U+2501) in font [lmmono10-regular]:!
Missing character: There is no ━ (U+2501) in font [lmmono10-regular]:!
Missing character: There is no ━ (U+2501) in font [lmmono10-regular]:!
Missing character: There is no ━ (U+2501) in font [lmmono10-regular]:!
Missing character: There is no ━ (U+2501) in font [lmmono10-regular]:!
Missing character: There is no ━ (U+2501) in font [lmmono10-regular]:!
Missing character: There is no ━ (U+2501) in font [lmmono10-regular]:!
Missing character: There is no ━ (U+2501) in font [lmmono10-regular]:!
Missing character: There is no ━ (U+2501) in font [lmmono10-regular]:!
Missing character: There is no ━ (U+2501) in font [lmmono10-regular]:!
Missing character: There is no ━ (U+2501) in font [lmmono10-regular]:!
Missing character: There is no ━ (U+2501) in font [lmmono10-regular]:!
Missing character: There is no ━ (U+2501) in font [lmmono10-regular]:!
Missing character: There is no ━ (U+2501) in font [lmmono10-regular]:!
Missing character: There is no ━ (U+2501) in font [lmmono10-regular]:!
Missing character: There is no ━ (U+2501) in font [lmmono10-regular]:!
Missing character: There is no ━ (U+2501) in font [lmmono10-regular]:!
Missing character: There is no ━ (U+2501) in font [lmmono10-regular]:!
Missing character: There is no ━ (U+2501) in font [lmmono10-regular]:!
Missing character: There is no ━ (U+2501) in font [lmmono10-regular]:!
Missing character: There is no ━ (U+2501) in font [lmmono10-regular]:!
Missing character: There is no ━ (U+2501) in font [lmmono10-regular]:!
Missing character: There is no ━ (U+2501) in font [lmmono10-regular]:!
Missing character: There is no ━ (U+2501) in font [lmmono10-regular]:!
Missing character: There is no ━ (U+2501) in font [lmmono10-regular]:!
Missing character: There is no ━ (U+2501) in font [lmmono10-regular]:!
Missing character: There is no ━ (U+2501) in font [lmmono10-regular]:!
Missing character: There is no ━ (U+2501) in font [lmmono10-regular]:!
Missing character: There is no ━ (U+2501) in font [lmmono10-regular]:!
Missing character: There is no ━ (U+2501) in font [lmmono10-regular]:!
Missing character: There is no ━ (U+2501) in font [lmmono10-regular]:!
Missing character: There is no ━ (U+2501) in font [lmmono10-regular]:!
Missing character: There is no ━ (U+2501) in font [lmmono10-regular]:!
Missing character: There is no ━ (U+2501) in font [lmmono10-regular]:!
Missing character: There is no ━ (U+2501) in font [lmmono10-regular]:!
Missing character: There is no ━ (U+2501) in font [lmmono10-regular]:!
Missing character: There is no ━ (U+2501) in font [lmmono10-regular]:!
Missing character: There is no ━ (U+2501) in font [lmmono10-regular]:!
Missing character: There is no ━ (U+2501) in font [lmmono10-regular]:!
Missing character: There is no ━ (U+2501) in font [lmmono10-regular]:!
Missing character: There is no ━ (U+2501) in font [lmmono10-regular]:!
Missing character: There is no ━ (U+2501) in font [lmmono10-regular]:!
Missing character: There is no ━ (U+2501) in font [lmmono10-regular]:!
Missing character: There is no ━ (U+2501) in font [lmmono10-regular]:!
Missing character: There is no ━ (U+2501) in font [lmmono10-regular]:!
Missing character: There is no ━ (U+2501) in font [lmmono10-regular]:!
Missing character: There is no ━ (U+2501) in font [lmmono10-regular]:!
Missing character: There is no ━ (U+2501) in font [lmmono10-regular]:!
Missing character: There is no ━ (U+2501) in font [lmmono10-regular]:!
Missing character: There is no ━ (U+2501) in font [lmmono10-regular]:!
Missing character: There is no ━ (U+2501) in font [lmmono10-regular]:!
Missing character: There is no ━ (U+2501) in font [lmmono10-regular]:!
Missing character: There is no ━ (U+2501) in font [lmmono10-regular]:!
Missing character: There is no ━ (U+2501) in font [lmmono10-regular]:!
Missing character: There is no ━ (U+2501) in font [lmmono10-regular]:!
Missing character: There is no ━ (U+2501) in font [lmmono10-regular]:!
Missing character: There is no ━ (U+2501) in font [lmmono10-regular]:!
Missing character: There is no ━ (U+2501) in font [lmmono10-regular]:!
Missing character: There is no ━ (U+2501) in font [lmmono10-regular]:!
Missing character: There is no ━ (U+2501) in font [lmmono10-regular]:!
Missing character: There is no ━ (U+2501) in font [lmmono10-regular]:!
Missing character: There is no ━ (U+2501) in font [lmmono10-regular]:!
Missing character: There is no ━ (U+2501) in font [lmmono10-regular]:!
Missing character: There is no ━ (U+2501) in font [lmmono10-regular]:!
Missing character: There is no ━ (U+2501) in font [lmmono10-regular]:!
Missing character: There is no ━ (U+2501) in font [lmmono10-regular]:!
Missing character: There is no ━ (U+2501) in font [lmmono10-regular]:!
Missing character: There is no ━ (U+2501) in font [lmmono10-regular]:!
Missing character: There is no ━ (U+2501) in font [lmmono10-regular]:!
Missing character: There is no ━ (U+2501) in font [lmmono10-regular]:!
Missing character: There is no ━ (U+2501) in font [lmmono10-regular]:!
Missing character: There is no ━ (U+2501) in font [lmmono10-regular]:!
Missing character: There is no ━ (U+2501) in font [lmmono10-regular]:!
Missing character: There is no ━ (U+2501) in font [lmmono10-regular]:!
Missing character: There is no ━ (U+2501) in font [lmmono10-regular]:!
Missing character: There is no ━ (U+2501) in font [lmmono10-regular]:!
Missing character: There is no ━ (U+2501) in font [lmmono10-regular]:!
Missing character: There is no ━ (U+2501) in font [lmmono10-regular]:!
Missing character: There is no ━ (U+2501) in font [lmmono10-regular]:!
Missing character: There is no ━ (U+2501) in font [lmmono10-regular]:!
Missing character: There is no ━ (U+2501) in font [lmmono10-regular]:!
Missing character: There is no ━ (U+2501) in font [lmmono10-regular]:!
Missing character: There is no ━ (U+2501) in font [lmmono10-regular]:!
Missing character: There is no ━ (U+2501) in font [lmmono10-regular]:!
Missing character: There is no ━ (U+2501) in font [lmmono10-regular]:!
[2]
Missing character: There is no ━ (U+2501) in font [lmmono10-regular]:!
Missing character: There is no ━ (U+2501) in font [lmmono10-regular]:!
Missing character: There is no ━ (U+2501) in font [lmmono10-regular]:!
Missing character: There is no ━ (U+2501) in font [lmmono10-regular]:!
Missing character: There is no ━ (U+2501) in font [lmmono10-regular]:!
Missing character: There is no ━ (U+2501) in font [lmmono10-regular]:!
Missing character: There is no ━ (U+2501) in font [lmmono10-regular]:!
Missing character: There is no ━ (U+2501) in font [lmmono10-regular]:!
Missing character: There is no ━ (U+2501) in font [lmmono10-regular]:!
Missing character: There is no ━ (U+2501) in font [lmmono10-regular]:!
Missing character: There is no ━ (U+2501) in font [lmmono10-regular]:!
Missing character: There is no ━ (U+2501) in font [lmmono10-regular]:!
Missing character: There is no ━ (U+2501) in font [lmmono10-regular]:!
Missing character: There is no ━ (U+2501) in font [lmmono10-regular]:!
Missing character: There is no ━ (U+2501) in font [lmmono10-regular]:!
Missing character: There is no ━ (U+2501) in font [lmmono10-regular]:!
Missing character: There is no ━ (U+2501) in font [lmmono10-regular]:!
Missing character: There is no ━ (U+2501) in font [lmmono10-regular]:!
Missing character: There is no ━ (U+2501) in font [lmmono10-regular]:!
Missing character: There is no ━ (U+2501) in font [lmmono10-regular]:!
Missing character: There is no ━ (U+2501) in font [lmmono10-regular]:!
Missing character: There is no ━ (U+2501) in font [lmmono10-regular]:!
Missing character: There is no ━ (U+2501) in font [lmmono10-regular]:!
Missing character: There is no ━ (U+2501) in font [lmmono10-regular]:!
Missing character: There is no ━ (U+2501) in font [lmmono10-regular]:!
Missing character: There is no ━ (U+2501) in font [lmmono10-regular]:!
Missing character: There is no ━ (U+2501) in font [lmmono10-regular]:!
Missing character: There is no ━ (U+2501) in font [lmmono10-regular]:!
Missing character: There is no ━ (U+2501) in font [lmmono10-regular]:!
Missing character: There is no ━ (U+2501) in font [lmmono10-regular]:!
Missing character: There is no ━ (U+2501) in font [lmmono10-regular]:!
Missing character: There is no ━ (U+2501) in font [lmmono10-regular]:!
Missing character: There is no ━ (U+2501) in font [lmmono10-regular]:!
Missing character: There is no ━ (U+2501) in font [lmmono10-regular]:!
Missing character: There is no ━ (U+2501) in font [lmmono10-regular]:!
Missing character: There is no ━ (U+2501) in font [lmmono10-regular]:!
Missing character: There is no ━ (U+2501) in font [lmmono10-regular]:!
Missing character: There is no ━ (U+2501) in font [lmmono10-regular]:!
[3] (output/hardware_report.aux)
 ***********
LaTeX2e <2023-11-01> patch level 1
L3 programming layer <2024-01-22>
 ***********
 ) 
Here is how much of TeX's memory you used:
 4899 strings out of 476878
 125623 string characters out of 5805250
 1926627 words of memory out of 5000000
 26814 multiletter control sequences out of 15000+600000
 559054 words of font info for 48 fonts, out of 8000000 for 9000
 14 hyphenation exceptions out of 8191
 79i,6n,93p,263b,338s stack positions out of 10000i,1000n,20000p,200000b,200000s

Output written on output/hardware_report.pdf (3 pages).
